> Task :app:preBuild UP-TO-DATE
> Task :app:preDebugBuild UP-TO-DATE
> Task :app:mergeDebugNativeDebugMetadata NO-SOURCE
> Task :app:generateDebugResources
> Task :app:packageDebugResources
> Task :app:processDebugNavigationResources
> Task :app:javaPreCompileDebug UP-TO-DATE
> Task :app:generateDebugAssets UP-TO-DATE
> Task :app:mergeDebugAssets UP-TO-DATE
> Task :app:compressDebugAssets UP-TO-DATE
> Task :app:checkDebugDuplicateClasses UP-TO-DATE
> Task :app:desugarDebugFileDependencies UP-TO-DATE
> Task :app:mergeExtDexDebug UP-TO-DATE
> Task :app:mergeLibDexDebug UP-TO-DATE
> Task :app:checkDebugAarMetadata UP-TO-DATE
> Task :app:mapDebugSourceSetPaths
> Task :app:compileDebugNavigationResources UP-TO-DATE
> Task :app:parseDebugLocalResources
> Task :app:createDebugCompatibleScreenManifests UP-TO-DATE
> Task :app:extractDeepLinksDebug UP-TO-DATE
> Task :app:generateDebugRFile
> Task :app:mergeDebugResources
> Task :app:processDebugMainManifest
> Task :app:compileDebugKotlin NO-SOURCE

> Task :app:compileDebugJavaWithJavac
./gradlew : Note: Some input files use or override a deprecated API.
At line:1 char:20
+ cd d:\HK6\TickTok; ./gradlew build 2>&1 | Tee-Object -FilePath build_ ...
+                    ~~~~~~~~~~~~~~~~~~~~
    + CategoryInfo          : NotSpecified: (Note: Some inpu...deprecated API.:String) [], RemoteException
    + FullyQualifiedErrorId : NativeCommandError
 
Note: Recompile with -Xlint:deprecation for details.

> Task :app:processDebugJavaRes NO-SOURCE
> Task :app:mergeDebugJavaResource UP-TO-DATE
> Task :app:processDebugManifest
> Task :app:mergeDebugJniLibFolders UP-TO-DATE
> Task :app:mergeDebugNativeLibs NO-SOURCE
> Task :app:stripDebugDebugSymbols NO-SOURCE
> Task :app:validateSigningDebug UP-TO-DATE
> Task :app:writeDebugAppMetadata UP-TO-DATE
> Task :app:writeDebugSigningConfigVersions UP-TO-DATE
> Task :app:preReleaseBuild UP-TO-DATE
> Task :app:mergeReleaseJniLibFolders
> Task :app:processDebugManifestForPackage
> Task :app:mergeReleaseNativeLibs NO-SOURCE
> Task :app:stripReleaseDebugSymbols NO-SOURCE
> Task :app:extractReleaseNativeSymbolTables NO-SOURCE
> Task :app:mergeReleaseNativeDebugMetadata NO-SOURCE
> Task :app:generateReleaseResources
> Task :app:packageReleaseResources
> Task :app:processReleaseNavigationResources
> Task :app:javaPreCompileRelease
> Task :app:checkReleaseAarMetadata
> Task :app:parseReleaseLocalResources
> Task :app:mapReleaseSourceSetPaths
> Task :app:compileReleaseNavigationResources
> Task :app:generateReleaseRFile
> Task :app:checkReleaseDuplicateClasses
> Task :app:processDebugResources FAILED
> Task :app:mergeReleaseResources

[Incubating] Problems report is available at: file:///D:/HK6/TickTok/build/reports/problems/problems-report.html

FAILURE: Build failed with an exception.

* What went wrong:
Execution failed for task ':app:processDebugResources'.
> A failure occurred while executing com.android.build.gradle.internal.res.LinkApplicationAndroidResourcesTask$TaskAction
   > Android resource linking failed
     com.example.ticktok.app-main-37:/layout/menu_home.xml:348: error: resource string/menu_add (aka com.example.ticktok:string/menu_add) not found.
     com.example.ticktok.app-main-37:/layout/menu_home.xml:356: error: resource string/menu_add (aka com.example.ticktok:string/menu_add) not found.
     com.example.ticktok.app-main-37:/layout/menu_home.xml:363: error: resource string/menu_settings (aka com.example.ticktok:string/menu_settings) not found.
     error: failed linking file resources.


* Try:
> Run with --stacktrace option to get the stack trace.
> Run with --info or --debug option to get more log output.
> Run with --scan to get full insights from a Build Scan (powered by Develocity).
> Get more help at https://help.gradle.org.

BUILD FAILED in 22s
40 actionable tasks: 24 executed, 16 up-to-date
